// Jest Snapshot v1, https://goo.gl/fbAQLP

exports[`test MonthPicker component click dropdown button, render year and month 1`] = `
<div>
  <div
    className="dropdown"
  >
    <h5>
      选择月份
    </h5>
    <button
      className="btn btn-secondary dropdown-toggle"
      onClick={[Function]}
      type="button"
    >
      2020 年 11 月
    </button>
    <div
      className="dropdown-menu"
      style={
        Object {
          "display": "block",
          "minWidth": "10rem",
          "padding": ".5rem .5rem",
        }
      }
    >
      <Row
        key="0"
      >
        <Col
          span={9}
        >
          <Button
            block={false}
            ghost={false}
            htmlType="button"
            loading={false}
            onClick={[Function]}
            type="dashed"
          >
            2016
          </Button>
        </Col>
        <Divider
          type="vertical"
        />
        <Col
          span={8}
        >
          <Button
            block={false}
            ghost={false}
            htmlType="button"
            loading={false}
            onClick={[Function]}
            type="dashed"
          >
            01
             月
          </Button>
        </Col>
      </Row>
      <Row
        key="1"
      >
        <Col
          span={9}
        >
          <Button
            block={false}
            ghost={false}
            htmlType="button"
            loading={false}
            onClick={[Function]}
            type="dashed"
          >
            2017
          </Button>
        </Col>
        <Divider
          type="vertical"
        />
        <Col
          span={8}
        >
          <Button
            block={false}
            ghost={false}
            htmlType="button"
            loading={false}
            onClick={[Function]}
            type="dashed"
          >
            02
             月
          </Button>
        </Col>
      </Row>
      <Row
        key="2"
      >
        <Col
          span={9}
        >
          <Button
            block={false}
            ghost={false}
            htmlType="button"
            loading={false}
            onClick={[Function]}
            type="dashed"
          >
            2018
          </Button>
        </Col>
        <Divider
          type="vertical"
        />
        <Col
          span={8}
        >
          <Button
            block={false}
            ghost={false}
            htmlType="button"
            loading={false}
            onClick={[Function]}
            type="dashed"
          >
            03
             月
          </Button>
        </Col>
      </Row>
      <Row
        key="3"
      >
        <Col
          span={9}
        >
          <Button
            block={false}
            ghost={false}
            htmlType="button"
            loading={false}
            onClick={[Function]}
            type="dashed"
          >
            2019
          </Button>
        </Col>
        <Divider
          type="vertical"
        />
        <Col
          span={8}
        >
          <Button
            block={false}
            ghost={false}
            htmlType="button"
            loading={false}
            onClick={[Function]}
            type="dashed"
          >
            04
             月
          </Button>
        </Col>
      </Row>
      <Row
        key="4"
      >
        <Col
          span={9}
        >
          <Button
            block={false}
            ghost={false}
            htmlType="button"
            loading={false}
            onClick={[Function]}
            type="primary"
          >
            2020
          </Button>
        </Col>
        <Divider
          type="vertical"
        />
        <Col
          span={8}
        >
          <Button
            block={false}
            ghost={false}
            htmlType="button"
            loading={false}
            onClick={[Function]}
            type="dashed"
          >
            05
             月
          </Button>
        </Col>
      </Row>
      <Row
        key="5"
      >
        <Col
          span={9}
        >
          <Button
            block={false}
            ghost={false}
            htmlType="button"
            loading={false}
            onClick={[Function]}
            type="dashed"
          >
            2021
          </Button>
        </Col>
        <Divider
          type="vertical"
        />
        <Col
          span={8}
        >
          <Button
            block={false}
            ghost={false}
            htmlType="button"
            loading={false}
            onClick={[Function]}
            type="dashed"
          >
            06
             月
          </Button>
        </Col>
      </Row>
      <Row
        key="6"
      >
        <Col
          span={9}
        >
          <Button
            block={false}
            ghost={false}
            htmlType="button"
            loading={false}
            onClick={[Function]}
            type="dashed"
          >
            2022
          </Button>
        </Col>
        <Divider
          type="vertical"
        />
        <Col
          span={8}
        >
          <Button
            block={false}
            ghost={false}
            htmlType="button"
            loading={false}
            onClick={[Function]}
            type="dashed"
          >
            07
             月
          </Button>
        </Col>
      </Row>
      <Row
        key="7"
      >
        <Col
          span={9}
        >
          <Button
            block={false}
            ghost={false}
            htmlType="button"
            loading={false}
            onClick={[Function]}
            type="dashed"
          >
            2023
          </Button>
        </Col>
        <Divider
          type="vertical"
        />
        <Col
          span={8}
        >
          <Button
            block={false}
            ghost={false}
            htmlType="button"
            loading={false}
            onClick={[Function]}
            type="dashed"
          >
            08
             月
          </Button>
        </Col>
      </Row>
      <Row
        key="8"
      >
        <Col
          span={9}
        >
          <Button
            block={false}
            ghost={false}
            htmlType="button"
            loading={false}
            onClick={[Function]}
            type="dashed"
          >
            2024
          </Button>
        </Col>
        <Divider
          type="vertical"
        />
        <Col
          span={8}
        >
          <Button
            block={false}
            ghost={false}
            htmlType="button"
            loading={false}
            onClick={[Function]}
            type="dashed"
          >
            09
             月
          </Button>
        </Col>
      </Row>
      <Row
        key="9"
      >
        <Col
          span={9}
        >
          <Button
            block={false}
            ghost={false}
            htmlType="button"
            loading={false}
            onClick={[Function]}
            type="dashed"
          />
        </Col>
        <Divider
          type="vertical"
        />
        <Col
          span={8}
        >
          <Button
            block={false}
            ghost={false}
            htmlType="button"
            loading={false}
            onClick={[Function]}
            type="dashed"
          >
            10
             月
          </Button>
        </Col>
      </Row>
      <Row
        key="10"
      >
        <Col
          span={9}
        >
          <Button
            block={false}
            ghost={false}
            htmlType="button"
            loading={false}
            onClick={[Function]}
            type="dashed"
          />
        </Col>
        <Divider
          type="vertical"
        />
        <Col
          span={8}
        >
          <Button
            block={false}
            ghost={false}
            htmlType="button"
            loading={false}
            onClick={[Function]}
            type="primary"
          >
            11
             月
          </Button>
        </Col>
      </Row>
      <Row
        key="11"
      >
        <Col
          span={9}
        >
          <Button
            block={false}
            ghost={false}
            htmlType="button"
            loading={false}
            onClick={[Function]}
            type="dashed"
          />
        </Col>
        <Divider
          type="vertical"
        />
        <Col
          span={8}
        >
          <Button
            block={false}
            ghost={false}
            htmlType="button"
            loading={false}
            onClick={[Function]}
            type="dashed"
          >
            12
             月
          </Button>
        </Col>
      </Row>
    </div>
  </div>
</div>
`;
