// Jest Snapshot v1, https://goo.gl/fbAQLP

exports[`test PriceList component match snapshot 1`] = `
<Fragment>
  <div
    key="1"
  >
    <Divider />
    <Row>
      <Col
        span={4}
      >
        <Icons
          iconName="food"
        />
      </Col>
      <Col
        span={8}
      >
        吃饭
      </Col>
      <Col
        span={4}
      >
        -
        200
      </Col>
      <Col
        span={6}
      >
        2020-11-12
      </Col>
      <Col
        span={1}
      >
        <Tooltip
          arrowPointAtCenter={false}
          autoAdjustOverflow={true}
          mouseEnterDelay={0.1}
          mouseLeaveDelay={0.1}
          placement="top"
          title="编辑"
          transitionName="zoom-big-fast"
        >
          <Button
            block={false}
            ghost={false}
            htmlType="button"
            icon={<ForwardRef(EditOutlined) />}
            loading={false}
            onClick={[Function]}
            shape="circle"
            size="small"
            type="primary"
          />
        </Tooltip>
      </Col>
      <Col
        span={1}
      >
        <Tooltip
          arrowPointAtCenter={false}
          autoAdjustOverflow={true}
          mouseEnterDelay={0.1}
          mouseLeaveDelay={0.1}
          placement="top"
          title="删除"
          transitionName="zoom-big-fast"
        >
          <Button
            block={false}
            danger={true}
            ghost={false}
            htmlType="button"
            icon={<ForwardRef(DeleteOutlined) />}
            loading={false}
            onClick={[Function]}
            shape="circle"
            size="small"
            type="primary"
          />
        </Tooltip>
      </Col>
    </Row>
  </div>
  <div
    key="2"
  >
    <Divider />
    <Row>
      <Col
        span={4}
      >
        <Icons
          iconName="salary"
        />
      </Col>
      <Col
        span={8}
      >
        假如发财了
      </Col>
      <Col
        span={4}
      >
        +
        200
      </Col>
      <Col
        span={6}
      >
        2020-11-12
      </Col>
      <Col
        span={1}
      >
        <Tooltip
          arrowPointAtCenter={false}
          autoAdjustOverflow={true}
          mouseEnterDelay={0.1}
          mouseLeaveDelay={0.1}
          placement="top"
          title="编辑"
          transitionName="zoom-big-fast"
        >
          <Button
            block={false}
            ghost={false}
            htmlType="button"
            icon={<ForwardRef(EditOutlined) />}
            loading={false}
            onClick={[Function]}
            shape="circle"
            size="small"
            type="primary"
          />
        </Tooltip>
      </Col>
      <Col
        span={1}
      >
        <Tooltip
          arrowPointAtCenter={false}
          autoAdjustOverflow={true}
          mouseEnterDelay={0.1}
          mouseLeaveDelay={0.1}
          placement="top"
          title="删除"
          transitionName="zoom-big-fast"
        >
          <Button
            block={false}
            danger={true}
            ghost={false}
            htmlType="button"
            icon={<ForwardRef(DeleteOutlined) />}
            loading={false}
            onClick={[Function]}
            shape="circle"
            size="small"
            type="primary"
          />
        </Tooltip>
      </Col>
    </Row>
  </div>
  <div
    key="2"
  >
    <Divider />
    <Row>
      <Col
        span={4}
      >
        <Icons
          iconName="travel"
        />
      </Col>
      <Col
        span={8}
      >
        去去医院体检
      </Col>
      <Col
        span={4}
      >
        -
        200
      </Col>
      <Col
        span={6}
      >
        2020-10-12
      </Col>
      <Col
        span={1}
      >
        <Tooltip
          arrowPointAtCenter={false}
          autoAdjustOverflow={true}
          mouseEnterDelay={0.1}
          mouseLeaveDelay={0.1}
          placement="top"
          title="编辑"
          transitionName="zoom-big-fast"
        >
          <Button
            block={false}
            ghost={false}
            htmlType="button"
            icon={<ForwardRef(EditOutlined) />}
            loading={false}
            onClick={[Function]}
            shape="circle"
            size="small"
            type="primary"
          />
        </Tooltip>
      </Col>
      <Col
        span={1}
      >
        <Tooltip
          arrowPointAtCenter={false}
          autoAdjustOverflow={true}
          mouseEnterDelay={0.1}
          mouseLeaveDelay={0.1}
          placement="top"
          title="删除"
          transitionName="zoom-big-fast"
        >
          <Button
            block={false}
            danger={true}
            ghost={false}
            htmlType="button"
            icon={<ForwardRef(DeleteOutlined) />}
            loading={false}
            onClick={[Function]}
            shape="circle"
            size="small"
            type="primary"
          />
        </Tooltip>
      </Col>
    </Row>
  </div>
  <div
    key="3"
  >
    <Divider />
    <Row>
      <Col
        span={4}
      >
        <Icons
          iconName="travel"
        />
      </Col>
      <Col
        span={8}
      >
        去去医院体检
      </Col>
      <Col
        span={4}
      >
        -
        200
      </Col>
      <Col
        span={6}
      >
        2020-9-12
      </Col>
      <Col
        span={1}
      >
        <Tooltip
          arrowPointAtCenter={false}
          autoAdjustOverflow={true}
          mouseEnterDelay={0.1}
          mouseLeaveDelay={0.1}
          placement="top"
          title="编辑"
          transitionName="zoom-big-fast"
        >
          <Button
            block={false}
            ghost={false}
            htmlType="button"
            icon={<ForwardRef(EditOutlined) />}
            loading={false}
            onClick={[Function]}
            shape="circle"
            size="small"
            type="primary"
          />
        </Tooltip>
      </Col>
      <Col
        span={1}
      >
        <Tooltip
          arrowPointAtCenter={false}
          autoAdjustOverflow={true}
          mouseEnterDelay={0.1}
          mouseLeaveDelay={0.1}
          placement="top"
          title="删除"
          transitionName="zoom-big-fast"
        >
          <Button
            block={false}
            danger={true}
            ghost={false}
            htmlType="button"
            icon={<ForwardRef(DeleteOutlined) />}
            loading={false}
            onClick={[Function]}
            shape="circle"
            size="small"
            type="primary"
          />
        </Tooltip>
      </Col>
    </Row>
  </div>
</Fragment>
`;
